  CmdLineArgs.cpp
D:\OlympusMons\E5\OlympusMons\Olympus\Source\Common\CmdLineArgs.cpp(8,17): error C3861: 'CommandLineToArgvW': identifier not found
  Logger.cpp
  Time.cpp
  Core.cpp
  CoreDefinitions.cpp
  CoreMinimal.cpp
  PerGameSettings.cpp
D:\OlympusMons\E5\OlympusMons\Olympus\Source\Core\PerGameSettings.cpp(10,21): error C2039: 'm_GameName': is not a member of 'PerGameSettings'
      D:\OlympusMons\E5\OlympusMons\Olympus\Source\Core\PerGameSettings.h(3,19):
      see declaration of 'PerGameSettings'
  
D:\OlympusMons\E5\OlympusMons\Olympus\Source\Core\PerGameSettings.cpp(10,2): error C2660: 'wcscpy_s': function does not take 2 arguments
      C:\Program Files (x86)\Windows Kits\10\Include\10.0.28000.0\ucrt\corecrt_wstring.h(39,30):
      see declaration of 'wcscpy_s'
      C:\Program Files (x86)\Windows Kits\10\Include\10.0.28000.0\ucrt\corecrt_wstring.h(113,1):
      could be 'errno_t wcscpy_s(wchar_t (&)[_Size],const wchar_t *) noexcept'
      D:\OlympusMons\E5\OlympusMons\Olympus\Source\Core\PerGameSettings.cpp(10,2):
      while trying to match the argument list '()'
  
D:\OlympusMons\E5\OlympusMons\Olympus\Source\Core\PerGameSettings.cpp(11,21): error C2039: 'm_ShortName': is not a member of 'PerGameSettings'
      D:\OlympusMons\E5\OlympusMons\Olympus\Source\Core\PerGameSettings.h(3,19):
      see declaration of 'PerGameSettings'
  
D:\OlympusMons\E5\OlympusMons\Olympus\Source\Core\PerGameSettings.cpp(11,2): error C2660: 'wcscpy_s': function does not take 2 arguments
      C:\Program Files (x86)\Windows Kits\10\Include\10.0.28000.0\ucrt\corecrt_wstring.h(39,30):
      see declaration of 'wcscpy_s'
      C:\Program Files (x86)\Windows Kits\10\Include\10.0.28000.0\ucrt\corecrt_wstring.h(113,1):
      could be 'errno_t wcscpy_s(wchar_t (&)[_Size],const wchar_t *) noexcept'
      D:\OlympusMons\E5\OlympusMons\Olympus\Source\Core\PerGameSettings.cpp(11,2):
      while trying to match the argument list '()'
  
D:\OlympusMons\E5\OlympusMons\Olympus\Source\Core\PerGameSettings.cpp(12,21): error C2039: 'm_BootTime': is not a member of 'PerGameSettings'
      D:\OlympusMons\E5\OlympusMons\Olympus\Source\Core\PerGameSettings.h(3,19):
      see declaration of 'PerGameSettings'
  
D:\OlympusMons\E5\OlympusMons\Olympus\Source\Core\PerGameSettings.cpp(12,2): error C2660: 'wcscpy_s': function does not take 2 arguments
      C:\Program Files (x86)\Windows Kits\10\Include\10.0.28000.0\ucrt\corecrt_wstring.h(39,30):
      see declaration of 'wcscpy_s'
      C:\Program Files (x86)\Windows Kits\10\Include\10.0.28000.0\ucrt\corecrt_wstring.h(113,1):
      could be 'errno_t wcscpy_s(wchar_t (&)[_Size],const wchar_t *) noexcept'
      D:\OlympusMons\E5\OlympusMons\Olympus\Source\Core\PerGameSettings.cpp(12,2):
      while trying to match the argument list '()'
  
  OEngine.cpp
  Simulation.cpp
D:\OlympusMons\E5\OlympusMons\Olympus\Source\Engine\Simulation.h(7,40): error C2653: 'Win32': is not a class or namespace name
  (compiling source file 'Source/Engine/Simulation.cpp')
  
  SplashScreen.cpp
D:\OlympusMons\E5\OlympusMons\Olympus\Source\Engine\SplashScreen.cpp(66,65): warning C4267: 'argument': conversion from 'size_t' to 'int', possible loss of data
D:\OlympusMons\E5\OlympusMons\Olympus\Source\Engine\SplashScreen.cpp(71,67): warning C4267: 'argument': conversion from 'size_t' to 'int', possible loss of data
D:\OlympusMons\E5\OlympusMons\Olympus\Source\Engine\SplashScreen.cpp(52,12): warning C4101: 'hmemdc': unreferenced local variable
D:\OlympusMons\E5\OlympusMons\Olympus\Source\Engine\SplashScreen.cpp(51,11): warning C4101: 'hbitmap': unreferenced local variable
  Olympus.cpp
  IApplication.cpp
D:\OlympusMons\E5\OlympusMons\Olympus\Source\Platform\WIN32\IApplication.cpp(5,16): error C2888: 'IApplication::IApplication(void)': symbol cannot be defined within namespace 'Win32'
  SubObject.cpp
  Win32Utils.cpp
  Window.cpp
