d:\olympusmons\olympusmons\olympus\intermediate\debug\olympus.pch
d:\olympusmons\olympusmons\olympus\intermediate\debug\vc145.pdb
d:\olympusmons\olympusmons\olympus\intermediate\debug\vc145.idb
d:\olympusmons\olympusmons\olympus\intermediate\debug\logger.obj
d:\olympusmons\olympusmons\olympus\intermediate\debug\time.obj
d:\olympusmons\olympusmons\olympus\intermediate\debug\pergamesettings.obj
d:\olympusmons\olympusmons\olympus\intermediate\debug\olympus.obj
d:\olympusmons\olympusmons\olympus\intermediate\debug\iapplication.obj
d:\olympusmons\olympusmons\build\olympus\debug\olympus.dll
d:\olympusmons\olympusmons\build\olympus\debug\olympus.pdb
d:\olympusmons\olympusmons\build\olympus\debug\olympus.lib
d:\olympusmons\olympusmons\build\olympus\debug\olympus.exp
d:\olympusmons\olympusmons\olympus\intermediate\debug\olympus.ilk
d:\olympusmons\olympusmons\\build\olympus\debug\olympus.pdb
d:\olympusmons\olympusmons\\olympus\intermediate\debug\olympus.vcxproj.filelistabsolute.txt
d:\olympusmons\olympusmons\olympus\intermediate\debug\olympus.tlog\cl.command.1.tlog
d:\olympusmons\olympusmons\olympus\intermediate\debug\olympus.tlog\cl.items.tlog
d:\olympusmons\olympusmons\olympus\intermediate\debug\olympus.tlog\cl.read.1.tlog
d:\olympusmons\olympusmons\olympus\intermediate\debug\olympus.tlog\cl.write.1.tlog
d:\olympusmons\olympusmons\olympus\intermediate\debug\olympus.tlog\link.command.1.tlog
d:\olympusmons\olympusmons\olympus\intermediate\debug\olympus.tlog\link.read.1.tlog
d:\olympusmons\olympusmons\olympus\intermediate\debug\olympus.tlog\link.secondary.1.tlog
d:\olympusmons\olympusmons\olympus\intermediate\debug\olympus.tlog\link.write.1.tlog
